Selected reasoning rule: inverse
Selected domain: geography
Processing domain: geography
Step 1: Saving category links...
Saved 36 category links to d:\Jupyter\OmniBench-RAG\data\dataset\category\geography_links.txt
Category links saved to d:\Jupyter\OmniBench-RAG\data\dataset\category\geography_links.txt
Step 3: Saving entity links...
Processing category: Geography by location
Processing category: Geography by period
Processing category: Geography by topic
Processing category: Subfields of geography
Processing category: Geographers
Stopping due to failures in category Geographers
Saved 17 links to d:\Jupyter\OmniBench-RAG\data\dataset\category\selected\geography_wiki_links.txt. Total pages: 17
Entity links saved to d:\Jupyter\OmniBench-RAG\data\dataset\category\selected\geography_wiki_links.txt (total: 17 links)
Step 4: Generating Wikidata entities...
Successfully retrieved 13/17 Wikidata entities
Wikidata entities saved to d:\Jupyter\OmniBench-RAG\src\wiki\geography_useful_entities.json (total: 13 entities)
Step 5: Processing transitive entities...
Transitive entities saved to d:\Jupyter\OmniBench-RAG\src\wiki\transitive\geography_useful_entities.json
Step 6: Building transitive Prolog...
No entities found for geography, skipping Prolog generation
Step 7: Building Wiki Prolog...
Wiki Prolog saved to d:\Jupyter\OmniBench-RAG\src\wiki\pl_files
Step 8: Prolog inference for inverse rule...
Error in dynamic dataset generation: exception: access violation reading 0x0000000000000508
Error: exception: access violation reading 0x0000000000000508
