Selected reasoning rule: inverse
Selected domain: geography
Processing domain: geography
Step 1: Saving category links...
Category links saved to d:\Jupyter\DEMO\data\dataset\category\geography_links.txt
Step 3: Saving entity links...
Entity links saved to d:\Jupyter\DEMO\data\dataset\category\selected\geography_wiki_links.txt (total: 33 links)
Step 4: Generating Wikidata entities...
Successfully retrieved 24/33 Wikidata entities
Wikidata entities saved to d:\Jupyter\DEMO\src\wiki\geography_useful_entities.json (total: 24 entities)
Step 5: Processing transitive entities...
Transitive entities saved to d:\Jupyter\DEMO\src\wiki\transitive\geography_useful_entities.json
Step 6: Building transitive Prolog...
No entities found for geography, skipping Prolog generation
Step 7: Building Wiki Prolog...
Wiki Prolog saved to d:\Jupyter\DEMO\src\wiki\pl_files
Step 8: Prolog inference for inverse rule...
New facts saved to d:\Jupyter\DEMO\data\dataset\derived\inverse\geography_new_facts.json (total: 223 facts)
Step 9: Generating QA pairs for geography...
QA pairs saved to d:\Jupyter\DEMO\data\dataset\dynamic\inverse\geography_qa.json (total: 223 pairs)
