Selected reasoning rule: inverse
Selected domain: history
Processing domain: history
Step 1: Saving category links...
Saved 28 category links to d:\Jupyter\OmniBench-RAG\data\dataset\category\history_links.txt
Category links saved to d:\Jupyter\OmniBench-RAG\data\dataset\category\history_links.txt
Step 3: Saving entity links...
Processing category: History by location
Processing category: History by period
Processing category: History by topic
Stopping due to failures in category History by topic
Saved 19 links to d:\Jupyter\OmniBench-RAG\data\dataset\category\selected\history_wiki_links.txt. Total pages: 19
Entity links saved to d:\Jupyter\OmniBench-RAG\data\dataset\category\selected\history_wiki_links.txt (total: 19 links)
Step 4: Generating Wikidata entities...
Successfully retrieved 16/19 Wikidata entities
Wikidata entities saved to d:\Jupyter\OmniBench-RAG\src\wiki\history_useful_entities.json (total: 16 entities)
Step 5: Processing transitive entities...
Transitive entities saved to d:\Jupyter\OmniBench-RAG\src\wiki\transitive\history_useful_entities.json
Step 6: Building transitive Prolog...
No entities found for history, skipping Prolog generation
Step 7: Building Wiki Prolog...
Wiki Prolog saved to d:\Jupyter\OmniBench-RAG\src\wiki\pl_files
Step 8: Prolog inference for inverse rule...
Error in dynamic dataset generation: exception: access violation reading 0x0000000000000508
Error: exception: access violation reading 0x0000000000000508
