Selected reasoning rule: inverse
Selected domain: geography
Processing domain: geography
Step 1: Saving category links...
Saved 36 category links to d:\Jupyter\OmniBench-RAG\data\dataset\category\geography_links.txt
Category links saved to d:\Jupyter\OmniBench-RAG\data\dataset\category\geography_links.txt
Step 3: Saving entity links...
Processing category: Geography by location
Processing category: Geography by period
Processing category: Geography by topic
Processing category: Subfields of geography
Processing category: Geographers
Stopping due to failures in category Geographers
Saved 7 links to d:\Jupyter\OmniBench-RAG\data\dataset\category\selected\geography_wiki_links.txt. Total pages: 7
Entity links saved to d:\Jupyter\OmniBench-RAG\data\dataset\category\selected\geography_wiki_links.txt (total: 7 links)
Step 4: Generating Wikidata entities...
Successfully retrieved 6/7 Wikidata entities
Wikidata entities saved to d:\Jupyter\OmniBench-RAG\src\wiki\geography_useful_entities.json (total: 6 entities)
Step 5: Processing transitive entities...
Transitive entities saved to d:\Jupyter\OmniBench-RAG\src\wiki\transitive\geography_useful_entities.json
Step 6: Building transitive Prolog...
No entities found for geography, skipping Prolog generation
Step 7: Building Wiki Prolog...
Wiki Prolog saved to d:\Jupyter\OmniBench-RAG\src\wiki\pl_files
Step 8: Prolog inference for inverse rule...
New facts saved to d:\Jupyter\OmniBench-RAG\data\dataset\derived\inverse\geography_new_facts.json (total: 0 facts)
Step 9: Generating QA pairs for geography...
QA pairs saved to d:\Jupyter\OmniBench-RAG\data\dataset\dynamic\inverse\geography_qa.json (total: 0 pairs)
Dataset generation completed
Results saved to: d:\Jupyter\OmniBench-RAG\data\dataset\dynamic\inverse\geography_qa.json
